Processing file: ./examples/sample_exe64.elf
Low level API...
  42 sections
  Section name: 1, type: SHT_SYMTAB
High level API...
  42 sections
  Section name: .symtab, type: SHT_SYMTAB
  It's a symbol section with 80 symbols
  The name of symbol #60 is: __init_array_start
